2026-09-22 19:49:04,297 INFO [page-1]                 Book.java:560  | 1 sheet in /Users/parsarahmanseresht/Desktop/stuff/cs projects/musai/.tmp-pag-omr/raster/page-1.png
2026-09-22 19:49:04,398 INFO []                 Book.java:2565 | Stored /book.xml
2026-09-22 19:49:04,398 INFO []                 Book.java:2525 | Book stored as /Users/parsarahmanseresht/Desktop/stuff/cs projects/musai/.tmp-pag-omr/png-out/p1/page-1.omr
2026-09-22 19:49:04,400 INFO []                 Book.java:1929 | Book reaching PAGE on sheets:[#1]
2026-09-22 19:49:04,401 INFO [page-1]       StepMonitoring.java:98   | LOAD
2026-09-22 19:49:04,548 INFO [page-1]            SheetStub.java:1278 | Loaded image #1 1870x2420 from /Users/parsarahmanseresht/Desktop/stuff/cs projects/musai/.tmp-pag-omr/raster/page-1.png
2026-09-22 19:49:04,550 INFO [page-1]            ImageUtil.java:152  | Converting max RGB to gray
2026-09-22 19:49:04,663 INFO [page-1]       StepMonitoring.java:98   | BINARY
2026-09-22 19:49:04,867 INFO [page-1]       StepMonitoring.java:98   | SCALE
2026-09-22 19:49:04,885 INFO [page-1]         ScaleBuilder.java:254  | Beam  guessed height:  9 -- 0.25 of [7..15] range
2026-09-22 19:49:04,885 INFO [page-1]         ScaleBuilder.java:271  | Beam measured height: 11 -- 0.50 of [7..15] range at 690% of needed quorum
2026-09-22 19:49:04,885 INFO [page-1]         ScaleBuilder.java:401  | Normalized black jitter: 18.75 %
2026-09-22 19:49:04,885 INFO [page-1]            ScaleStep.java:65   | Scale{ interline(14,16,17) line(2,3,5) beam(11)}
2026-09-22 19:49:04,886 INFO [page-1]       StepMonitoring.java:98   | GRID
2026-09-22 19:49:05,402 INFO [page-1]       LinesRetriever.java:1508 | Global slope: 0.00209
2026-09-22 19:49:05,453 INFO [page-1]    ClustersRetriever.java:326  | Retrieved raw line clusters: 11 of sizes [5] with interline(14,16,17)
2026-09-22 19:49:05,628 INFO [page-1]            PeakGraph.java:310  | Systems: #1[1] #2[2] #3[3] #4[4] #5[5] #6[6] #7[7] #8[8] #9[9] #10[10] #11[11]
2026-09-22 19:49:06,006 INFO [page-1]        SystemManager.java:134  | Indentation detected for system #1
2026-09-22 19:49:06,007 INFO [page-1]        SystemManager.java:134  | Indentation detected for system #4
2026-09-22 19:49:06,007 INFO [page-1]        SystemManager.java:134  | Indentation detected for system #7
2026-09-22 19:49:06,007 INFO [page-1]        SystemManager.java:134  | Indentation detected for system #10
2026-09-22 19:49:06,007 INFO [page-1]        SystemManager.java:744  | 4 pages found in sheet
2026-09-22 19:49:06,008 INFO [page-1]        SystemManager.java:800  | Page #1: 1 part along 3 systems
2026-09-22 19:49:06,008 INFO [page-1]        SystemManager.java:800  | Page #2: 1 part along 3 systems
2026-09-22 19:49:06,008 INFO [page-1]        SystemManager.java:800  | Page #3: 1 part along 3 systems
2026-09-22 19:49:06,008 INFO [page-1]        SystemManager.java:800  | Page #4: 1 part along 2 systems
2026-09-22 19:49:06,009 INFO [page-1]                 Book.java:543  | Created scores: [{Score 1}, {Score 2}, {Score 3}, {Score 4}]
2026-09-22 19:49:06,010 INFO [page-1]       StepMonitoring.java:98   | HEADERS
2026-09-22 19:49:06,908 INFO [page-1]       StepMonitoring.java:98   | STEM_SEEDS
2026-09-22 19:49:06,950 INFO [page-1]        StemSeedsStep.java:86   | stem(4 max:5)
2026-09-22 19:49:07,027 INFO [page-1]       StepMonitoring.java:98   | BEAMS
2026-09-22 19:49:09,160 INFO [page-1]       StepMonitoring.java:98   | LEDGERS
2026-09-22 19:49:09,414 INFO [page-1]       StepMonitoring.java:98   | HEADS
2026-09-22 19:49:12,518 INFO [page-1]        HeadSeedTally.java:235  | Scale information: HeadSeeds{NOTEHEAD_BLACK[L:-0.7,R:-0.2]}
2026-09-22 19:49:12,519 INFO [page-1]       StepMonitoring.java:98   | STEMS
2026-09-22 19:49:13,122 INFO [page-1]       StepMonitoring.java:98   | REDUCTION
2026-09-22 19:49:13,205 INFO [page-1]        ReductionStep.java:105  | Stems free length median value: 51 pixels, 3.2 interlines
2026-09-22 19:49:13,209 INFO [page-1]       StepMonitoring.java:98   | CUE_BEAMS
2026-09-22 19:49:13,209 INFO [page-1]         CueBeamsStep.java:81   | Step CUE_BEAMS is skipped because small heads switch is off
2026-09-22 19:49:13,209 INFO [page-1]       StepMonitoring.java:98   | TEXTS
2026-09-22 19:49:13,299 WARN [page-1]         TesseractOCR.java:335  | The collection of supported languages is empty
2026-09-22 19:49:13,299 INFO [page-1]              OcrUtil.java:106  | Missing support for 'eng' language(s)
2026-09-22 19:49:13,310 INFO [page-1]       StepMonitoring.java:98   | MEASURES
2026-09-22 19:49:13,316 INFO [page-1]                 Page.java:307  | 14 raw measures: [5 in system#1, 5 in system#2, 4 in system#3]
2026-09-22 19:49:13,316 INFO [page-1]                 Page.java:307  | 12 raw measures: [4 in system#4, 4 in system#5, 4 in system#6]
2026-09-22 19:49:13,316 INFO [page-1]                 Page.java:307  | 14 raw measures: [5 in system#7, 5 in system#8, 4 in system#9]
2026-09-22 19:49:13,316 INFO [page-1]                 Page.java:307  | 13 raw measures: [7 in system#10, 6 in system#11]
2026-09-22 19:49:13,316 INFO [page-1]       StepMonitoring.java:98   | CHORDS
2026-09-22 19:49:13,327 INFO [page-1]       StepMonitoring.java:98   | CURVES
2026-09-22 19:49:13,987 INFO [page-1]         SlursBuilder.java:240  | Slurs: 74
2026-09-22 19:49:14,020 INFO [page-1]      SegmentsBuilder.java:155  | Segments: 72
2026-09-22 19:49:14,024 INFO [page-1]       StepMonitoring.java:98   | SYMBOLS
2026-09-22 19:49:14,625 INFO [page-1]       StepMonitoring.java:98   | LINKS
2026-09-22 19:49:14,640 INFO [page-1]             KeyInter.java:1198 | No effective key before AlterInter#10534{(0.782) staff:3 NATURAL pitch:-2.0}
2026-09-22 19:49:14,656 INFO [page-1]             KeyInter.java:1331 | Key built KeyInter#11269{(0.610) staff:7 KEY_FLAT_1 pitch:0.4 fifths:-1}
2026-09-22 19:49:14,661 INFO [page-1]             KeyInter.java:1198 | No effective key before AlterInter#10953{(0.770) staff:8 NATURAL pitch:-5.0}
2026-09-22 19:49:14,661 INFO [page-1]             KeyInter.java:1198 | No effective key before AlterInter#11001{(0.789) staff:8 NATURAL pitch:-3.0}
2026-09-22 19:49:14,662 INFO [page-1]             KeyInter.java:1198 | No effective key before AlterInter#11012{(0.793) staff:8 NATURAL pitch:-4.0}
2026-09-22 19:49:14,662 INFO [page-1]             KeyInter.java:1198 | No effective key before AlterInter#11071{(0.790) staff:8 NATURAL pitch:-2.0}
2026-09-22 19:49:14,677 INFO [page-1]       StepMonitoring.java:98   | RHYTHMS
2026-09-22 19:49:14,687 INFO [page-1]        MeasureRhythm.java:1044 | Measure{#2} No timeOffset for RestChordInter#10482{(0.786/0.786) staff:1 slot#2 dur:1/16}
2026-09-22 19:49:14,687 INFO [page-1]   AbstractChordInter.java:635  | Measure{#2} No timeOffset for RestChordInter#10482{(0.786/0.786) staff:1 slot#2 dur:1/16}
2026-09-22 19:49:14,688 INFO [page-1]          StackRhythm.java:224  | S1 MeasureStack#2 no correct rhythm
2026-09-22 19:49:14,692 INFO [page-1]        MeasureRhythm.java:1044 | Measure{#7} No timeOffset for RestChordInter#10500{(0.780/0.780) staff:2 slot#2 dur:1/16}
2026-09-22 19:49:14,692 INFO [page-1]   AbstractChordInter.java:635  | Measure{#7} No timeOffset for RestChordInter#10500{(0.780/0.780) staff:2 slot#2 dur:1/16}
2026-09-22 19:49:14,693 INFO [page-1]          StackRhythm.java:224  | S2 MeasureStack#7 no correct rhythm
2026-09-22 19:49:14,699 INFO [page-1]        MeasureRhythm.java:1044 | Measure{#2} No timeOffset for HeadChordInter#8935{(0.955/0.955) staff:4 slot#2 dur:1/8}
2026-09-22 19:49:14,700 INFO [page-1]   AbstractChordInter.java:635  | Measure{#2} No timeOffset for HeadChordInter#8937{(0.937/0.937) staff:4 slot#4 dur:1/8}
2026-09-22 19:49:14,700 INFO [page-1]   AbstractChordInter.java:635  | Measure{#2} No timeOffset for HeadChordInter#8940{(0.940/0.940) staff:4 slot#7 dur:1/12}
2026-09-22 19:49:14,700 INFO [page-1]   AbstractChordInter.java:635  | Measure{#2} No timeOffset for HeadChordInter#8941{(0.672/0.672) staff:4 slot#8 dur:1/2}
2026-09-22 19:49:14,700 INFO [page-1]   AbstractChordInter.java:635  | Measure{#2} No timeOffset for HeadChordInter#8944{(0.946/0.946) staff:4 slot#11 dur:1/8}
2026-09-22 19:49:14,701 INFO [page-1]          StackRhythm.java:224  | S4 MeasureStack#2 no correct rhythm
2026-09-22 19:49:14,701 INFO [page-1]                Voice.java:257  | Measure{#3} Voice{#1 excess:1/4} too long
2026-09-22 19:49:14,701 INFO [page-1]          StackRhythm.java:224  | S4 MeasureStack#3 no correct rhythm
2026-09-22 19:49:14,703 INFO [page-1]        MeasureRhythm.java:1044 | Measure{#6} No timeOffset for HeadChordInter#8962{(0.643/0.643) staff:5 slot#7 dur:1/2}
2026-09-22 19:49:14,703 INFO [page-1]   AbstractChordInter.java:635  | Measure{#6} No timeOffset for HeadChordInter#8962{(0.643/0.643) staff:5 slot#7 dur:1/2}
2026-09-22 19:49:14,704 INFO [page-1]   AbstractChordInter.java:635  | Measure{#6} No timeOffset for HeadChordInter#8963{(0.754/0.754) staff:5 slot#8 dur:1/4}
2026-09-22 19:49:14,704 INFO [page-1]   AbstractChordInter.java:635  | Measure{#6} No timeOffset for HeadChordInter#8966{(0.947/0.947) staff:5 slot#11 dur:1/8}
2026-09-22 19:49:14,704 INFO [page-1]                Voice.java:257  | Measure{#6} Voice{#1 excess:1/4} too long
2026-09-22 19:49:14,704 INFO [page-1]          StackRhythm.java:224  | S5 MeasureStack#6 no correct rhythm
2026-09-22 19:49:14,705 INFO [page-1]                Voice.java:257  | Measure{#7} Voice{#1 excess:1/4} too long
2026-09-22 19:49:14,705 INFO [page-1]          StackRhythm.java:224  | S5 MeasureStack#7 no correct rhythm
2026-09-22 19:49:14,705 INFO [page-1]        MeasureRhythm.java:1044 | Measure{#8} No timeOffset for HeadChordInter#8980{(0.943/0.943) staff:5 slot#5 dur:1/8}
2026-09-22 19:49:14,705 INFO [page-1]                Voice.java:257  | Measure{#8} Voice{#1 excess:1/8} too long
2026-09-22 19:49:14,705 INFO [page-1]                Voice.java:257  | Measure{#8} Voice{#2 excess:1/8} too long
2026-09-22 19:49:14,706 INFO [page-1]          StackRhythm.java:224  | S5 MeasureStack#8 no correct rhythm
2026-09-22 19:49:14,706 INFO [page-1]                Voice.java:257  | Measure{#9} Voice{#1 excess:1/4} too long
2026-09-22 19:49:14,706 INFO [page-1]          StackRhythm.java:224  | S6 MeasureStack#9 no correct rhythm
2026-09-22 19:49:14,707 INFO [page-1]                Voice.java:257  | Measure{#10} Voice{#1 excess:1/4} too long
2026-09-22 19:49:14,707 INFO [page-1]          StackRhythm.java:224  | S6 MeasureStack#10 no correct rhythm
2026-09-22 19:49:14,708 INFO [page-1]        MeasureRhythm.java:1044 | Measure{#11} No timeOffset for HeadChordInter#8999{(0.929/0.929) staff:6 slot#5 dur:1/8}
2026-09-22 19:49:14,708 INFO [page-1]                Voice.java:257  | Measure{#11} Voice{#1 excess:1/8} too long
2026-09-22 19:49:14,708 INFO [page-1]          StackRhythm.java:224  | S6 MeasureStack#11 no correct rhythm
2026-09-22 19:49:14,710 INFO [page-1]        MeasureRhythm.java:1044 | Measure{#3} No timeOffset for HeadChordInter#9016{(0.956/0.956) staff:7 slot#5 dur:1/16}
2026-09-22 19:49:14,710 INFO [page-1]          StackRhythm.java:224  | S7 MeasureStack#3 no correct rhythm
2026-09-22 19:49:14,725 INFO [page-1]       StepMonitoring.java:98   | PAGE
2026-09-22 19:49:14,727 INFO [page-1]       SheetReduction.java:154  | Gutter. Different glyphs 3/4 DynamicsInter#10511{(0.427/0.715) DYNAMICS_SF} vs StemInter#6673{(0.609/0.859) STEM}
2026-09-22 19:49:14,727 INFO [page-1]       SheetReduction.java:154  | Gutter. Different glyphs 3/4 DynamicsInter#10511{(0.427/0.715) DYNAMICS_SF} vs HeadInter#3800{(0.339/0.596) staff:4 NOTEHEAD_VOID pitch:-10.0}
2026-09-22 19:49:14,728 INFO [page-1]       SheetReduction.java:154  | Gutter. Different glyphs 3/4 DynamicsInter#10511{(0.427/0.715) DYNAMICS_SF} vs LedgerInter#2511{(0.610/0.610) staff:4 LEDGER}
2026-09-22 19:49:14,728 INFO [page-1]       SheetReduction.java:154  | Gutter. Different glyphs 3/4 DynamicsInter#10511{(0.427/0.715) DYNAMICS_SF} vs LedgerInter#2481{(0.518/0.518) staff:4 LEDGER}
2026-09-22 19:49:14,729 INFO [page-1]       SheetReduction.java:154  | Gutter. Different glyphs 8/9 ArticulationInter#11054{(0.448/0.641) MARCATO_BELOW} vs ArticulationInter#11134{(0.380/0.663) STACCATO}
2026-09-22 19:49:14,730 INFO [page-1]       SheetReduction.java:154  | Gutter. Different glyphs 9/10 ArticulationInter#11137{(0.796/0.908) STACCATO} vs SlurInter#9329{(0.687/0.949) SLUR_ABOVE}
2026-09-22 19:49:14,734 INFO [page-1]                Voice.java:257  | Measure{#3} Voice{#1 excess:1/4} too long
2026-09-22 19:49:14,734 INFO [page-1]                Voice.java:257  | Measure{#6} Voice{#1 excess:1/4} too long
2026-09-22 19:49:14,734 INFO [page-1]                Voice.java:257  | Measure{#7} Voice{#1 excess:1/4} too long
2026-09-22 19:49:14,734 INFO [page-1]                Voice.java:257  | Measure{#8} Voice{#1 excess:1/8} too long
2026-09-22 19:49:14,734 INFO [page-1]                Voice.java:257  | Measure{#8} Voice{#2 excess:1/8} too long
2026-09-22 19:49:14,734 INFO [page-1]                Voice.java:257  | Measure{#9} Voice{#1 excess:1/4} too long
2026-09-22 19:49:14,735 INFO [page-1]                Voice.java:257  | Measure{#10} Voice{#1 excess:1/4} too long
2026-09-22 19:49:14,735 INFO [page-1]                Voice.java:257  | Measure{#11} Voice{#1 excess:1/8} too long
2026-09-22 19:49:14,736 INFO [page-1]                 Book.java:2584 | Book{page-1} storing
2026-09-22 19:49:14,792 INFO [page-1]                 Book.java:2565 | Stored /book.xml
2026-09-22 19:49:14,852 INFO [page-1]           DataHolder.java:348  | Stored /sheet#1/BINARY.png
2026-09-22 19:49:15,699 INFO [page-1]                Sheet.java:1583 | Stored /sheet#1/sheet#1.xml
2026-09-22 19:49:15,699 INFO [page-1]                 Book.java:2525 | Book stored as /Users/parsarahmanseresht/Desktop/stuff/cs projects/musai/.tmp-pag-omr/png-out/p1/page-1.omr
2026-09-22 19:49:15,700 INFO [page-1]            SheetStub.java:1655 | Sheet disposed
2026-09-22 19:49:15,718 INFO [page-1]                 Book.java:2050 | End of Stub#1
2026-09-22 19:49:15,718 INFO [page-1]                 Book.java:2057 | End of Book{page-1}
2026-09-22 19:49:15,977 INFO [page-1]            SheetStub.java:1000 | Loaded /sheet#1/sheet#1.xml
2026-09-22 19:49:16,129 INFO [page-1]      PartwiseBuilder.java:2707 | Exporting sheet(s): [#1]
2026-09-22 19:49:16,158 INFO [page-1]        ScoreExporter.java:164  | Score page-1.mvt1 exported to /Users/parsarahmanseresht/Desktop/stuff/cs projects/musai/.tmp-pag-omr/png-out/p1/page-1.mvt1.mxl
2026-09-22 19:49:16,158 INFO [page-1]      PartwiseBuilder.java:2707 | Exporting sheet(s): [#1]
2026-09-22 19:49:16,166 INFO [page-1]        ScoreExporter.java:164  | Score page-1.mvt2 exported to /Users/parsarahmanseresht/Desktop/stuff/cs projects/musai/.tmp-pag-omr/png-out/p1/page-1.mvt2.mxl
2026-09-22 19:49:16,167 INFO [page-1]      PartwiseBuilder.java:2707 | Exporting sheet(s): [#1]
2026-09-22 19:49:16,179 INFO [page-1]        ScoreExporter.java:164  | Score page-1.mvt3 exported to /Users/parsarahmanseresht/Desktop/stuff/cs projects/musai/.tmp-pag-omr/png-out/p1/page-1.mvt3.mxl
2026-09-22 19:49:16,180 INFO [page-1]      PartwiseBuilder.java:2707 | Exporting sheet(s): [#1]
2026-09-22 19:49:16,186 INFO [page-1]        ScoreExporter.java:164  | Score page-1.mvt4 exported to /Users/parsarahmanseresht/Desktop/stuff/cs projects/musai/.tmp-pag-omr/png-out/p1/page-1.mvt4.mxl
2026-09-22 19:49:16,213 INFO [page-1]                Score.java:181  | Closing {Score 1}
2026-09-22 19:49:16,214 INFO [page-1]                Score.java:181  | Closing {Score 2}
2026-09-22 19:49:16,214 INFO [page-1]                Score.java:181  | Closing {Score 3}
2026-09-22 19:49:16,214 INFO [page-1]                Score.java:181  | Closing {Score 4}
